*** Using Compiler 'V5.06 update 5 (build 528)', folder: 'D:\keil5\ARM\ARMCC\Bin'
Build target '4_axis'
assembling startup_stm32f103xb.s...
compiling port.c...
compiling heap_4.c...
compiling list.c...
compiling queue.c...
compiling main.c...
compiling event_groups.c...
compiling croutine.c...
compiling stm32f1xx_hal_flash.c...
compiling timers.c...
compiling stream_buffer.c...
compiling tasks.c...
compiling gpio.c...
compiling stm32f1xx_hal.c...
compiling stm32f1xx_hal_flash_ex.c...
compiling stm32f1xx_hal_gpio.c...
compiling stm32f1xx_hal_rcc_ex.c...
compiling stm32f1xx_it.c...
compiling stm32f1xx_hal_gpio_ex.c...
compiling stm32f1xx_hal_rcc.c...
compiling system_stm32f1xx.c...
compiling stm32f1xx_hal_msp.c...
compiling stm32f1xx_hal_cortex.c...
compiling stm32f1xx_hal_dma.c...
compiling stm32f1xx_hal_pwr.c...
compiling stm32f1xx_hal_exti.c...
compiling freertos.c...
compiling cmsis_os2.c...
linking...
Program Size: Code=8696 RO-data=352 RW-data=148 ZI-data=7988  
FromELF: creating hex file...
"4_axis\4_axis.axf" - 0 Error(s), 0 Warning(s).
Build Time Elapsed:  00:00:02
